// Jest Snapshot v1, https://goo.gl/fbAQLP

exports[`Component: SearchResultPage should render 1`] = `
<div>
  <div
    className="text-center business-profile"
  />
  <BusinessList
    business={Object {}}
    businesses={Array []}
    fetchBusinesses={null}
    fetchBusinessesByUserId={null}
    filterBusiness={[MockFunction]}
    paginate={
      Object {
        "limit": 6,
        "page": 1,
        "queryData": Object {
          "option": "option",
        },
        "totalBusiness": 10,
        "totalReviews": 10,
      }
    }
    queryData={
      Object {
        "option": "option",
      }
    }
  />
</div>
`;
