// Jest Snapshot v1, https://goo.gl/fbAQLP

exports[`Component: Review should render 1`] = `
<div>
  <img
    alt="Avatar"
    className="rounded-circle user-avatar"
    height="50"
    src="test-file-stub"
    width="50"
  />
  <div
    className="review-body"
  >
    <span
      className="textcase reviewer"
    >
      allen
       
    </span>
    <EditReview
      cancelEdit={[MockFunction]}
      fetchBusinessById={[MockFunction]}
      fetchReviews={[MockFunction]}
      onChange={[MockFunction]}
      onReviewUpdate={[MockFunction]}
      onStarClick={[MockFunction]}
      params={Object {}}
      reviewId={1}
      reviewUpdateRequest={[MockFunction]}
      state={
        Object {
          "editStatus": 1,
          "review": Object {
            "message": "Great business",
            "rating": 3,
          },
        }
      }
    />
  </div>
</div>
`;
